*$FROM src/OOP/OOP_Function.ref
*$FROM src/OOP/OOP_Class.ref
$EXTERN OOP_Function, OOP_Class;

/**
  <OOP_Definition
    t.Classes
      t.Struct
    | t.Const
    | t.GlobalVar
    | t.Function
    | t.Class> == t.Classes t.Definition
*/
$ENTRY OOP_Definition {
  t.Classes (function e.Function) = t.Classes <OOP_Function (function e.Function)>;
  t.Classes (class e.Class) = <OOP_Class t.Classes (class e.Class)>;
  t.Classes t.Other = t.Classes t.Other;
}
