*$FROM src/Statement.ref
$EXTERN Statement;

/**
  <Code t.Globals t.Locals t.Statement*> == t.Locals s.AsmCodeCmd*
*/
$ENTRY Code {
  t.Globals t.Locals t.Statement e.Statements
    , <Statement t.Globals t.Locals t.Statement> : t.Locals1 e.St
    , <Code t.Globals t.Locals1 e.Statements> : t.Locals2 e.Sts
    = t.Locals2
      e.St e.Sts;
  t.Globals t.Locals = t.Locals;
}
