*$FROM src/ConstExpr.ref
*$FROM src/Init.ref
$EXTERN ConstExpr, Init;

/**
  <GlobalVar t.Globals (var s.Name t.ConstExpr e.Init?)> == s.AsmCodeCmd*
*/
$ENTRY GlobalVar {
  t.Globals (var s.Name t.ConstExpr) = <GlobalVar t.Globals (var s.Name t.ConstExpr "=")>;
  t.Globals (var s.Name t.ConstExpr e.Init)
    , <ConstExpr t.Globals t.ConstExpr> : s.Size
    = t.Globals ':_' s.Name '\n'
      <Init t.Globals s.Size e.Init> '\n\n';
}
