*$FROM src/Definition.ref
$EXTERN Definition;

/**
  <Program t.Definition*> == s.AsmCodeCmd*
*/
$ENTRY Program {
  e.Definitions = <_Program () e.Definitions>;
}

/**
  <_Program t.Globals t.Definition*> == s.AsmCodeCmd*
*/
_Program {
  t.Globals = t.Globals /* пусто */;
  t.Globals t.Definition e.Definitions
    , <Definition t.Globals t.Definition> : t.DefGlobals e.Code
    = e.Code <_Program t.DefGlobals e.Definitions>;
}
