*$FROM src/Definition.ref
$EXTERN Definition;

/**
  <Program t.Definition*> == s.AsmCodeCmd*
*/
$ENTRY Program {
  e.Definitions = <_Program () e.Definitions>;
}

/**
  <_Program t.Names t.Definition*> == s.AsmCodeCmd*
*/
_Program {
  t.Names = t.Names /* пусто */;
  t.Names t.Definition e.Definitions
    , <Definition t.Names t.Definition> : t.DefNames e.Code
    = e.Code <_Program t.DefNames e.Definitions>;
}
